
################################################################################
  Tiered KV Cache Baseline Experiments
  Phases: ['E']
  Total experiments: 15
  Started: 2026-03-02 07:08:30
################################################################################

================================================================================
  Experiment: phaseE/70b_npu_only/sharegpt_100
  Command:    /home/marvell/LLMServingSim/env/bin/python /home/marvell/LLMServingSim/main.py --cluster-config cluster_config/tiered_kv_70b_npu_only.json --dataset dataset/sharegpt_req100_rate10_llama.jsonl --num-req 100 --output output/tiered_kv/phaseE/70b_npu_only/sharegpt_100/result.csv --timeseries-output output/tiered_kv/phaseE/70b_npu_only/sharegpt_100/timeseries.csv --block-size 16 --log-interval 0.5
  Output:     /home/marvell/LLMServingSim/output/tiered_kv/phaseE/70b_npu_only/sharegpt_100
================================================================================
  [OK] Completed successfully

================================================================================
  Experiment: phaseE/70b_npu_only/sharegpt_300
  Command:    /home/marvell/LLMServingSim/env/bin/python /home/marvell/LLMServingSim/main.py --cluster-config cluster_config/tiered_kv_70b_npu_only.json --dataset dataset/sharegpt_req300_rate10_llama.jsonl --num-req 300 --output output/tiered_kv/phaseE/70b_npu_only/sharegpt_300/result.csv --timeseries-output output/tiered_kv/phaseE/70b_npu_only/sharegpt_300/timeseries.csv --block-size 16 --log-interval 0.5
  Output:     /home/marvell/LLMServingSim/output/tiered_kv/phaseE/70b_npu_only/sharegpt_300
================================================================================
  [OK] Completed successfully

================================================================================
  Experiment: phaseE/70b_npu_only/fixed_256
  Command:    /home/marvell/LLMServingSim/env/bin/python /home/marvell/LLMServingSim/main.py --cluster-config cluster_config/tiered_kv_70b_npu_only.json --dataset dataset/fixed_in128_out512_req256_rate10.jsonl --num-req 256 --output output/tiered_kv/phaseE/70b_npu_only/fixed_256/result.csv --timeseries-output output/tiered_kv/phaseE/70b_npu_only/fixed_256/timeseries.csv --block-size 16 --log-interval 0.5
  Output:     /home/marvell/LLMServingSim/output/tiered_kv/phaseE/70b_npu_only/fixed_256
================================================================================
  [FAILED] Exit code: -9

================================================================================
  Experiment: phaseE/70b_npu_only/prefix_stress
  Command:    /home/marvell/LLMServingSim/env/bin/python /home/marvell/LLMServingSim/main.py --cluster-config cluster_config/tiered_kv_70b_npu_only.json --dataset dataset/prefix_pool_stress.jsonl --num-req 100 --output output/tiered_kv/phaseE/70b_npu_only/prefix_stress/result.csv --timeseries-output output/tiered_kv/phaseE/70b_npu_only/prefix_stress/timeseries.csv --block-size 16 --log-interval 0.5
  Output:     /home/marvell/LLMServingSim/output/tiered_kv/phaseE/70b_npu_only/prefix_stress
================================================================================
  [OK] Completed successfully

================================================================================
  Experiment: phaseE/70b_npu_only/pulse_prefix
  Command:    /home/marvell/LLMServingSim/env/bin/python /home/marvell/LLMServingSim/main.py --cluster-config cluster_config/tiered_kv_70b_npu_only.json --dataset dataset/sharegpt_pulse_req50_n6_delay15_pc.jsonl --num-req 300 --output output/tiered_kv/phaseE/70b_npu_only/pulse_prefix/result.csv --timeseries-output output/tiered_kv/phaseE/70b_npu_only/pulse_prefix/timeseries.csv --block-size 16 --log-interval 0.5
  Output:     /home/marvell/LLMServingSim/output/tiered_kv/phaseE/70b_npu_only/pulse_prefix
================================================================================
  [OK] Completed successfully

================================================================================
  Experiment: phaseE/70b_npu_cpu/sharegpt_100
  Command:    /home/marvell/LLMServingSim/env/bin/python /home/marvell/LLMServingSim/main.py --cluster-config cluster_config/tiered_kv_70b_npu_cpu.json --dataset dataset/sharegpt_req100_rate10_llama.jsonl --num-req 100 --output output/tiered_kv/phaseE/70b_npu_cpu/sharegpt_100/result.csv --timeseries-output output/tiered_kv/phaseE/70b_npu_cpu/sharegpt_100/timeseries.csv --block-size 16 --log-interval 0.5
  Output:     /home/marvell/LLMServingSim/output/tiered_kv/phaseE/70b_npu_cpu/sharegpt_100
================================================================================
  [OK] Completed successfully

================================================================================
  Experiment: phaseE/70b_npu_cpu/sharegpt_300
  Command:    /home/marvell/LLMServingSim/env/bin/python /home/marvell/LLMServingSim/main.py --cluster-config cluster_config/tiered_kv_70b_npu_cpu.json --dataset dataset/sharegpt_req300_rate10_llama.jsonl --num-req 300 --output output/tiered_kv/phaseE/70b_npu_cpu/sharegpt_300/result.csv --timeseries-output output/tiered_kv/phaseE/70b_npu_cpu/sharegpt_300/timeseries.csv --block-size 16 --log-interval 0.5
  Output:     /home/marvell/LLMServingSim/output/tiered_kv/phaseE/70b_npu_cpu/sharegpt_300
================================================================================
  [OK] Completed successfully

================================================================================
  Experiment: phaseE/70b_npu_cpu/fixed_256
  Command:    /home/marvell/LLMServingSim/env/bin/python /home/marvell/LLMServingSim/main.py --cluster-config cluster_config/tiered_kv_70b_npu_cpu.json --dataset dataset/fixed_in128_out512_req256_rate10.jsonl --num-req 256 --output output/tiered_kv/phaseE/70b_npu_cpu/fixed_256/result.csv --timeseries-output output/tiered_kv/phaseE/70b_npu_cpu/fixed_256/timeseries.csv --block-size 16 --log-interval 0.5
  Output:     /home/marvell/LLMServingSim/output/tiered_kv/phaseE/70b_npu_cpu/fixed_256
================================================================================
  [OK] Completed successfully

================================================================================
  Experiment: phaseE/70b_npu_cpu/prefix_stress
  Command:    /home/marvell/LLMServingSim/env/bin/python /home/marvell/LLMServingSim/main.py --cluster-config cluster_config/tiered_kv_70b_npu_cpu.json --dataset dataset/prefix_pool_stress.jsonl --num-req 100 --output output/tiered_kv/phaseE/70b_npu_cpu/prefix_stress/result.csv --timeseries-output output/tiered_kv/phaseE/70b_npu_cpu/prefix_stress/timeseries.csv --block-size 16 --log-interval 0.5
  Output:     /home/marvell/LLMServingSim/output/tiered_kv/phaseE/70b_npu_cpu/prefix_stress
================================================================================
  [OK] Completed successfully

================================================================================
  Experiment: phaseE/70b_npu_cpu/pulse_prefix
  Command:    /home/marvell/LLMServingSim/env/bin/python /home/marvell/LLMServingSim/main.py --cluster-config cluster_config/tiered_kv_70b_npu_cpu.json --dataset dataset/sharegpt_pulse_req50_n6_delay15_pc.jsonl --num-req 300 --output output/tiered_kv/phaseE/70b_npu_cpu/pulse_prefix/result.csv --timeseries-output output/tiered_kv/phaseE/70b_npu_cpu/pulse_prefix/timeseries.csv --block-size 16 --log-interval 0.5
  Output:     /home/marvell/LLMServingSim/output/tiered_kv/phaseE/70b_npu_cpu/pulse_prefix
================================================================================
  [OK] Completed successfully

================================================================================
  Experiment: phaseE/70b_npu_cxl_cpu/sharegpt_100
  Command:    /home/marvell/LLMServingSim/env/bin/python /home/marvell/LLMServingSim/main.py --cluster-config cluster_config/tiered_kv_70b_npu_cxl_cpu.json --dataset dataset/sharegpt_req100_rate10_llama.jsonl --num-req 100 --output output/tiered_kv/phaseE/70b_npu_cxl_cpu/sharegpt_100/result.csv --timeseries-output output/tiered_kv/phaseE/70b_npu_cxl_cpu/sharegpt_100/timeseries.csv --block-size 16 --log-interval 0.5
  Output:     /home/marvell/LLMServingSim/output/tiered_kv/phaseE/70b_npu_cxl_cpu/sharegpt_100
================================================================================
  [OK] Completed successfully

================================================================================
  Experiment: phaseE/70b_npu_cxl_cpu/sharegpt_300
  Command:    /home/marvell/LLMServingSim/env/bin/python /home/marvell/LLMServingSim/main.py --cluster-config cluster_config/tiered_kv_70b_npu_cxl_cpu.json --dataset dataset/sharegpt_req300_rate10_llama.jsonl --num-req 300 --output output/tiered_kv/phaseE/70b_npu_cxl_cpu/sharegpt_300/result.csv --timeseries-output output/tiered_kv/phaseE/70b_npu_cxl_cpu/sharegpt_300/timeseries.csv --block-size 16 --log-interval 0.5
  Output:     /home/marvell/LLMServingSim/output/tiered_kv/phaseE/70b_npu_cxl_cpu/sharegpt_300
================================================================================
  [OK] Completed successfully

================================================================================
  Experiment: phaseE/70b_npu_cxl_cpu/fixed_256
  Command:    /home/marvell/LLMServingSim/env/bin/python /home/marvell/LLMServingSim/main.py --cluster-config cluster_config/tiered_kv_70b_npu_cxl_cpu.json --dataset dataset/fixed_in128_out512_req256_rate10.jsonl --num-req 256 --output output/tiered_kv/phaseE/70b_npu_cxl_cpu/fixed_256/result.csv --timeseries-output output/tiered_kv/phaseE/70b_npu_cxl_cpu/fixed_256/timeseries.csv --block-size 16 --log-interval 0.5
  Output:     /home/marvell/LLMServingSim/output/tiered_kv/phaseE/70b_npu_cxl_cpu/fixed_256
================================================================================
  [OK] Completed successfully

================================================================================
  Experiment: phaseE/70b_npu_cxl_cpu/prefix_stress
  Command:    /home/marvell/LLMServingSim/env/bin/python /home/marvell/LLMServingSim/main.py --cluster-config cluster_config/tiered_kv_70b_npu_cxl_cpu.json --dataset dataset/prefix_pool_stress.jsonl --num-req 100 --output output/tiered_kv/phaseE/70b_npu_cxl_cpu/prefix_stress/result.csv --timeseries-output output/tiered_kv/phaseE/70b_npu_cxl_cpu/prefix_stress/timeseries.csv --block-size 16 --log-interval 0.5
  Output:     /home/marvell/LLMServingSim/output/tiered_kv/phaseE/70b_npu_cxl_cpu/prefix_stress
================================================================================
  [OK] Completed successfully

================================================================================
  Experiment: phaseE/70b_npu_cxl_cpu/pulse_prefix
  Command:    /home/marvell/LLMServingSim/env/bin/python /home/marvell/LLMServingSim/main.py --cluster-config cluster_config/tiered_kv_70b_npu_cxl_cpu.json --dataset dataset/sharegpt_pulse_req50_n6_delay15_pc.jsonl --num-req 300 --output output/tiered_kv/phaseE/70b_npu_cxl_cpu/pulse_prefix/result.csv --timeseries-output output/tiered_kv/phaseE/70b_npu_cxl_cpu/pulse_prefix/timeseries.csv --block-size 16 --log-interval 0.5
  Output:     /home/marvell/LLMServingSim/output/tiered_kv/phaseE/70b_npu_cxl_cpu/pulse_prefix
================================================================================
  [OK] Completed successfully

################################################################################
  Summary: 14 succeeded, 1 failed, 0 skipped
  Finished: 2026-03-02 07:49:25
################################################################################

